Middlewares/Third_Party/FreeRTOS/Source/stream_buffer.c:219:xStreamBufferGenericCreate	32	static
Middlewares/Third_Party/FreeRTOS/Source/stream_buffer.c:283:xStreamBufferGenericCreateStatic	32	static
Middlewares/Third_Party/FreeRTOS/Source/stream_buffer.c:359:vStreamBufferDelete	8	static
Middlewares/Third_Party/FreeRTOS/Source/stream_buffer.c:392:xStreamBufferReset	32	static
Middlewares/Third_Party/FreeRTOS/Source/stream_buffer.c:441:xStreamBufferSetTriggerLevel	0	static
Middlewares/Third_Party/FreeRTOS/Source/stream_buffer.c:470:xStreamBufferSpacesAvailable	8	static
Middlewares/Third_Party/FreeRTOS/Source/stream_buffer.c:494:xStreamBufferBytesAvailable	0	static
Middlewares/Third_Party/FreeRTOS/Source/stream_buffer.c:506:xStreamBufferSend	56	static
Middlewares/Third_Party/FreeRTOS/Source/stream_buffer.c:661:prvWriteMessageToBuffer	48	static
Middlewares/Third_Party/FreeRTOS/Source/stream_buffer.c:610:xStreamBufferSendFromISR	40	static
Middlewares/Third_Party/FreeRTOS/Source/stream_buffer.c:713:xStreamBufferReceive	40	static
Middlewares/Third_Party/FreeRTOS/Source/stream_buffer.c:918:prvReadMessageFromBuffer	56	static
Middlewares/Third_Party/FreeRTOS/Source/stream_buffer.c:817:xStreamBufferNextMessageLengthBytes	40	static
Middlewares/Third_Party/FreeRTOS/Source/stream_buffer.c:861:xStreamBufferReceiveFromISR	40	static
Middlewares/Third_Party/FreeRTOS/Source/stream_buffer.c:970:xStreamBufferIsEmpty	0	static
Middlewares/Third_Party/FreeRTOS/Source/stream_buffer.c:993:xStreamBufferIsFull	8	static
Middlewares/Third_Party/FreeRTOS/Source/stream_buffer.c:1028:xStreamBufferSendCompletedFromISR	24	static
Middlewares/Third_Party/FreeRTOS/Source/stream_buffer.c:1058:xStreamBufferReceiveCompletedFromISR	24	static
Middlewares/Third_Party/FreeRTOS/Source/stream_buffer.c:1237:uxStreamBufferGetStreamBufferNumber	0	static
Middlewares/Third_Party/FreeRTOS/Source/stream_buffer.c:1247:vStreamBufferSetStreamBufferNumber	0	static
Middlewares/Third_Party/FreeRTOS/Source/stream_buffer.c:1257:ucStreamBufferGetStreamBufferType	0	static
