Middlewares/Third_Party/FreeRTOS/Source/tasks.c:581:xTaskCreateStatic	56	static
Middlewares/Third_Party/FreeRTOS/Source/tasks.c:824:prvInitialiseNewTask	40	static
Middlewares/Third_Party/FreeRTOS/Source/tasks.c:1077:prvAddNewTaskToReadyList	32	static
Middlewares/Third_Party/FreeRTOS/Source/tasks.c:733:xTaskCreate	48	static
Middlewares/Third_Party/FreeRTOS/Source/tasks.c:1162:vTaskDelete	24	static
Middlewares/Third_Party/FreeRTOS/Source/tasks.c:1257:vTaskDelayUntil	40	static
Middlewares/Third_Party/FreeRTOS/Source/tasks.c:2110:vTaskSuspendAll	0	static
Middlewares/Third_Party/FreeRTOS/Source/tasks.c:5177:prvAddCurrentTaskToDelayedList	24	static
Middlewares/Third_Party/FreeRTOS/Source/tasks.c:2194:xTaskResumeAll	40	static
Middlewares/Third_Party/FreeRTOS/Source/tasks.c:1341:vTaskDelay	16	static
Middlewares/Third_Party/FreeRTOS/Source/tasks.c:1386:eTaskGetState	24	static
Middlewares/Third_Party/FreeRTOS/Source/tasks.c:1478:uxTaskPriorityGet	16	static
Middlewares/Third_Party/FreeRTOS/Source/tasks.c:1500:uxTaskPriorityGetFromISR	8	static
Middlewares/Third_Party/FreeRTOS/Source/tasks.c:1540:vTaskPrioritySet	40	static
Middlewares/Third_Party/FreeRTOS/Source/tasks.c:1704:vTaskSuspend	24	static
Middlewares/Third_Party/FreeRTOS/Source/tasks.c:2989:vTaskSwitchContext	0	static
Middlewares/Third_Party/FreeRTOS/Source/tasks.c:1851:vTaskResume	16	static
Middlewares/Third_Party/FreeRTOS/Source/tasks.c:1905:xTaskResumeFromISR	24	static
Middlewares/Third_Party/FreeRTOS/Source/tasks.c:1975:vTaskStartScheduler	32	static
Middlewares/Third_Party/FreeRTOS/Source/tasks.c:3392:prvIdleTask	0	static
Middlewares/Third_Party/FreeRTOS/Source/tasks.c:2099:vTaskEndScheduler	0	static
Middlewares/Third_Party/FreeRTOS/Source/tasks.c:2707:xTaskIncrementTick	40	static
Middlewares/Third_Party/FreeRTOS/Source/tasks.c:2304:xTaskGetTickCount	0	static
Middlewares/Third_Party/FreeRTOS/Source/tasks.c:2319:xTaskGetTickCountFromISR	8	static
Middlewares/Third_Party/FreeRTOS/Source/tasks.c:2350:uxTaskGetNumberOfTasks	0	static
Middlewares/Third_Party/FreeRTOS/Source/tasks.c:2358:pcTaskGetName	0	static
Middlewares/Third_Party/FreeRTOS/Source/tasks.c:2505:uxTaskGetSystemState	56	static
Middlewares/Third_Party/FreeRTOS/Source/tasks.c:2609:xTaskCatchUpTicks	0	static
Middlewares/Third_Party/FreeRTOS/Source/tasks.c:3064:vTaskPlaceOnEventList	16	static
Middlewares/Third_Party/FreeRTOS/Source/tasks.c:3081:vTaskPlaceOnUnorderedEventList	16	static
Middlewares/Third_Party/FreeRTOS/Source/tasks.c:3107:vTaskPlaceOnEventListRestricted	16	static
Middlewares/Third_Party/FreeRTOS/Source/tasks.c:3138:xTaskRemoveFromEventList	16	static
Middlewares/Third_Party/FreeRTOS/Source/tasks.c:3206:vTaskRemoveFromUnorderedEventList	24	static
Middlewares/Third_Party/FreeRTOS/Source/tasks.c:3254:vTaskSetTimeOutState	8	static
Middlewares/Third_Party/FreeRTOS/Source/tasks.c:3266:vTaskInternalSetTimeOutState	0	static
Middlewares/Third_Party/FreeRTOS/Source/tasks.c:3274:xTaskCheckForTimeOut	24	static
Middlewares/Third_Party/FreeRTOS/Source/tasks.c:3337:vTaskMissedYield	0	static
Middlewares/Third_Party/FreeRTOS/Source/tasks.c:3345:uxTaskGetTaskNumber	0	static
Middlewares/Third_Party/FreeRTOS/Source/tasks.c:3368:vTaskSetTaskNumber	0	static
Middlewares/Third_Party/FreeRTOS/Source/tasks.c:3670:vTaskGetInfo	40	static
Middlewares/Third_Party/FreeRTOS/Source/tasks.c:3859:uxTaskGetStackHighWaterMark	8	static
Middlewares/Third_Party/FreeRTOS/Source/tasks.c:3969:xTaskGetCurrentTaskHandle	0	static
Middlewares/Third_Party/FreeRTOS/Source/tasks.c:3986:xTaskGetSchedulerState	0	static
Middlewares/Third_Party/FreeRTOS/Source/tasks.c:4014:xTaskPriorityInherit	24	static
Middlewares/Third_Party/FreeRTOS/Source/tasks.c:4104:xTaskPriorityDisinherit	16	static
Middlewares/Third_Party/FreeRTOS/Source/tasks.c:4184:vTaskPriorityDisinheritAfterTimeout	16	static
Middlewares/Third_Party/FreeRTOS/Source/tasks.c:4602:uxTaskResetEventItemValue	0	static
Middlewares/Third_Party/FreeRTOS/Source/tasks.c:4618:pvTaskIncrementMutexHeldCount	0	static
Middlewares/Third_Party/FreeRTOS/Source/tasks.c:4635:ulTaskNotifyTake	24	static
Middlewares/Third_Party/FreeRTOS/Source/tasks.c:4703:xTaskNotifyWait	32	static
Middlewares/Third_Party/FreeRTOS/Source/tasks.c:4783:xTaskGenericNotify	32	static
Middlewares/Third_Party/FreeRTOS/Source/tasks.c:4897:xTaskGenericNotifyFromISR	40	static
Middlewares/Third_Party/FreeRTOS/Source/tasks.c:5026:vTaskNotifyGiveFromISR	24	static
Middlewares/Third_Party/FreeRTOS/Source/tasks.c:5112:xTaskNotifyStateClear	16	static
Middlewares/Third_Party/FreeRTOS/Source/tasks.c:5143:ulTaskNotifyValueClear	24	static
