Drivers/STM32F4xx_HAL_Driver/Src/stm32f4xx_hal_tim.c:266:HAL_TIM_Base_Init	8	static
Drivers/STM32F4xx_HAL_Driver/Src/stm32f4xx_hal_tim.c:369:HAL_TIM_Base_MspInit	0	static
Drivers/STM32F4xx_HAL_Driver/Src/stm32f4xx_hal_tim.c:6777:TIM_Base_SetConfig	16	static
Drivers/STM32F4xx_HAL_Driver/Src/stm32f4xx_hal_tim.c:326:HAL_TIM_Base_DeInit	8	static
Drivers/STM32F4xx_HAL_Driver/Src/stm32f4xx_hal_tim.c:384:HAL_TIM_Base_MspDeInit	0	static
Drivers/STM32F4xx_HAL_Driver/Src/stm32f4xx_hal_tim.c:400:HAL_TIM_Base_Start	0	static
Drivers/STM32F4xx_HAL_Driver/Src/stm32f4xx_hal_tim.c:439:HAL_TIM_Base_Stop	0	static
Drivers/STM32F4xx_HAL_Driver/Src/stm32f4xx_hal_tim.c:459:HAL_TIM_Base_Start_IT	0	static
Drivers/STM32F4xx_HAL_Driver/Src/stm32f4xx_hal_tim.c:501:HAL_TIM_Base_Stop_IT	0	static
Drivers/STM32F4xx_HAL_Driver/Src/stm32f4xx_hal_tim.c:526:HAL_TIM_Base_Start_DMA	16	static
Drivers/STM32F4xx_HAL_Driver/Src/stm32f4xx_hal_tim.c:6702:TIM_DMAPeriodElapsedCplt	0	static
Drivers/STM32F4xx_HAL_Driver/Src/stm32f4xx_hal_tim.c:6723:TIM_DMAPeriodElapsedHalfCplt	0	static
Drivers/STM32F4xx_HAL_Driver/Src/stm32f4xx_hal_tim.c:6459:TIM_DMAError	8	static
Drivers/STM32F4xx_HAL_Driver/Src/stm32f4xx_hal_tim.c:595:HAL_TIM_Base_Stop_DMA	8	static
Drivers/STM32F4xx_HAL_Driver/Src/stm32f4xx_hal_tim.c:650:HAL_TIM_OC_Init	8	static
Drivers/STM32F4xx_HAL_Driver/Src/stm32f4xx_hal_tim.c:753:HAL_TIM_OC_MspInit	0	static
Drivers/STM32F4xx_HAL_Driver/Src/stm32f4xx_hal_tim.c:710:HAL_TIM_OC_DeInit	8	static
Drivers/STM32F4xx_HAL_Driver/Src/stm32f4xx_hal_tim.c:768:HAL_TIM_OC_MspDeInit	0	static
Drivers/STM32F4xx_HAL_Driver/Src/stm32f4xx_hal_tim.c:789:HAL_TIM_OC_Start	8	static
Drivers/STM32F4xx_HAL_Driver/Src/stm32f4xx_hal_tim.c:7575:TIM_CCxChannelCmd	16	static
Drivers/STM32F4xx_HAL_Driver/Src/stm32f4xx_hal_tim.c:843:HAL_TIM_OC_Stop	8	static
Drivers/STM32F4xx_HAL_Driver/Src/stm32f4xx_hal_tim.c:878:HAL_TIM_OC_Start_IT	8	static
Drivers/STM32F4xx_HAL_Driver/Src/stm32f4xx_hal_tim.c:971:HAL_TIM_OC_Stop_IT	8	static
Drivers/STM32F4xx_HAL_Driver/Src/stm32f4xx_hal_tim.c:1048:HAL_TIM_OC_Start_DMA	32	static
Drivers/STM32F4xx_HAL_Driver/Src/stm32f4xx_hal_tim.c:6502:TIM_DMADelayPulseCplt	8	static
Drivers/STM32F4xx_HAL_Driver/Src/stm32f4xx_hal_tim.c:6561:TIM_DMADelayPulseHalfCplt	8	static
Drivers/STM32F4xx_HAL_Driver/Src/stm32f4xx_hal_tim.c:1212:HAL_TIM_OC_Stop_DMA	16	static
Drivers/STM32F4xx_HAL_Driver/Src/stm32f4xx_hal_tim.c:1315:HAL_TIM_PWM_Init	8	static
Drivers/STM32F4xx_HAL_Driver/Src/stm32f4xx_hal_tim.c:1418:HAL_TIM_PWM_MspInit	0	static
Drivers/STM32F4xx_HAL_Driver/Src/stm32f4xx_hal_tim.c:1375:HAL_TIM_PWM_DeInit	8	static
Drivers/STM32F4xx_HAL_Driver/Src/stm32f4xx_hal_tim.c:1433:HAL_TIM_PWM_MspDeInit	0	static
Drivers/STM32F4xx_HAL_Driver/Src/stm32f4xx_hal_tim.c:1454:HAL_TIM_PWM_Start	8	static
Drivers/STM32F4xx_HAL_Driver/Src/stm32f4xx_hal_tim.c:1508:HAL_TIM_PWM_Stop	8	static
Drivers/STM32F4xx_HAL_Driver/Src/stm32f4xx_hal_tim.c:1543:HAL_TIM_PWM_Start_IT	8	static
Drivers/STM32F4xx_HAL_Driver/Src/stm32f4xx_hal_tim.c:1636:HAL_TIM_PWM_Stop_IT	8	static
Drivers/STM32F4xx_HAL_Driver/Src/stm32f4xx_hal_tim.c:1713:HAL_TIM_PWM_Start_DMA	32	static
Drivers/STM32F4xx_HAL_Driver/Src/stm32f4xx_hal_tim.c:1876:HAL_TIM_PWM_Stop_DMA	16	static
Drivers/STM32F4xx_HAL_Driver/Src/stm32f4xx_hal_tim.c:1979:HAL_TIM_IC_Init	8	static
Drivers/STM32F4xx_HAL_Driver/Src/stm32f4xx_hal_tim.c:2082:HAL_TIM_IC_MspInit	0	static
Drivers/STM32F4xx_HAL_Driver/Src/stm32f4xx_hal_tim.c:2039:HAL_TIM_IC_DeInit	8	static
Drivers/STM32F4xx_HAL_Driver/Src/stm32f4xx_hal_tim.c:2097:HAL_TIM_IC_MspDeInit	0	static
Drivers/STM32F4xx_HAL_Driver/Src/stm32f4xx_hal_tim.c:2118:HAL_TIM_IC_Start	16	static
Drivers/STM32F4xx_HAL_Driver/Src/stm32f4xx_hal_tim.c:2170:HAL_TIM_IC_Stop	8	static
Drivers/STM32F4xx_HAL_Driver/Src/stm32f4xx_hal_tim.c:2200:HAL_TIM_IC_Start_IT	16	static
Drivers/STM32F4xx_HAL_Driver/Src/stm32f4xx_hal_tim.c:2292:HAL_TIM_IC_Stop_IT	8	static
Drivers/STM32F4xx_HAL_Driver/Src/stm32f4xx_hal_tim.c:2364:HAL_TIM_IC_Start_DMA	40	static
Drivers/STM32F4xx_HAL_Driver/Src/stm32f4xx_hal_tim.c:6600:TIM_DMACaptureCplt	8	static
Drivers/STM32F4xx_HAL_Driver/Src/stm32f4xx_hal_tim.c:6663:TIM_DMACaptureHalfCplt	8	static
Drivers/STM32F4xx_HAL_Driver/Src/stm32f4xx_hal_tim.c:2523:HAL_TIM_IC_Stop_DMA	16	static
Drivers/STM32F4xx_HAL_Driver/Src/stm32f4xx_hal_tim.c:2628:HAL_TIM_OnePulse_Init	16	static
Drivers/STM32F4xx_HAL_Driver/Src/stm32f4xx_hal_tim.c:2742:HAL_TIM_OnePulse_MspInit	0	static
Drivers/STM32F4xx_HAL_Driver/Src/stm32f4xx_hal_tim.c:2697:HAL_TIM_OnePulse_DeInit	8	static
Drivers/STM32F4xx_HAL_Driver/Src/stm32f4xx_hal_tim.c:2757:HAL_TIM_OnePulse_MspDeInit	0	static
Drivers/STM32F4xx_HAL_Driver/Src/stm32f4xx_hal_tim.c:2777:HAL_TIM_OnePulse_Start	20	static
Drivers/STM32F4xx_HAL_Driver/Src/stm32f4xx_hal_tim.c:2834:HAL_TIM_OnePulse_Stop	8	static
Drivers/STM32F4xx_HAL_Driver/Src/stm32f4xx_hal_tim.c:2877:HAL_TIM_OnePulse_Start_IT	20	static
Drivers/STM32F4xx_HAL_Driver/Src/stm32f4xx_hal_tim.c:2940:HAL_TIM_OnePulse_Stop_IT	8	static
Drivers/STM32F4xx_HAL_Driver/Src/stm32f4xx_hal_tim.c:3019:HAL_TIM_Encoder_Init	32	static
Drivers/STM32F4xx_HAL_Driver/Src/stm32f4xx_hal_tim.c:3179:HAL_TIM_Encoder_MspInit	0	static
Drivers/STM32F4xx_HAL_Driver/Src/stm32f4xx_hal_tim.c:3134:HAL_TIM_Encoder_DeInit	8	static
Drivers/STM32F4xx_HAL_Driver/Src/stm32f4xx_hal_tim.c:3194:HAL_TIM_Encoder_MspDeInit	0	static
Drivers/STM32F4xx_HAL_Driver/Src/stm32f4xx_hal_tim.c:3214:HAL_TIM_Encoder_Start	16	static
Drivers/STM32F4xx_HAL_Driver/Src/stm32f4xx_hal_tim.c:3308:HAL_TIM_Encoder_Stop	0	static
Drivers/STM32F4xx_HAL_Driver/Src/stm32f4xx_hal_tim.c:3368:HAL_TIM_Encoder_Start_IT	16	static
Drivers/STM32F4xx_HAL_Driver/Src/stm32f4xx_hal_tim.c:3468:HAL_TIM_Encoder_Stop_IT	0	static
Drivers/STM32F4xx_HAL_Driver/Src/stm32f4xx_hal_tim.c:3533:HAL_TIM_Encoder_Start_DMA	48	static
Drivers/STM32F4xx_HAL_Driver/Src/stm32f4xx_hal_tim.c:3746:HAL_TIM_Encoder_Stop_DMA	16	static
Drivers/STM32F4xx_HAL_Driver/Src/stm32f4xx_hal_tim.c:3823:HAL_TIM_IRQHandler	16	static
Drivers/STM32F4xx_HAL_Driver/Src/stm32f4xx_hal_tim.c:5702:HAL_TIM_IC_CaptureCallback	0	static
Drivers/STM32F4xx_HAL_Driver/Src/stm32f4xx_hal_tim.c:5687:HAL_TIM_OC_DelayElapsedCallback	0	static
Drivers/STM32F4xx_HAL_Driver/Src/stm32f4xx_hal_tim.c:5732:HAL_TIM_PWM_PulseFinishedCallback	0	static
Drivers/STM32F4xx_HAL_Driver/Src/stm32f4xx_hal_tim.c:5657:HAL_TIM_PeriodElapsedCallback	0	static
Drivers/STM32F4xx_HAL_Driver/Src/stm32f4xx_hal_tim.c:5762:HAL_TIM_TriggerCallback	0	static
Drivers/STM32F4xx_HAL_Driver/Src/stm32f4xx_hal_tim.c:4041:HAL_TIM_OC_ConfigChannel	28	static
Drivers/STM32F4xx_HAL_Driver/Src/stm32f4xx_hal_tim.c:6905:TIM_OC2_SetConfig	16	static
Drivers/STM32F4xx_HAL_Driver/Src/stm32f4xx_hal_tim.c:4120:HAL_TIM_IC_ConfigChannel	24	static
Drivers/STM32F4xx_HAL_Driver/Src/stm32f4xx_hal_tim.c:7251:TIM_TI1_SetConfig	8	static
Drivers/STM32F4xx_HAL_Driver/Src/stm32f4xx_hal_tim.c:4219:HAL_TIM_PWM_ConfigChannel	28	static
Drivers/STM32F4xx_HAL_Driver/Src/stm32f4xx_hal_tim.c:4333:HAL_TIM_OnePulse_ConfigChannel	44	static
Drivers/STM32F4xx_HAL_Driver/Src/stm32f4xx_hal_tim.c:4481:HAL_TIM_DMABurst_WriteStart	16	static
Drivers/STM32F4xx_HAL_Driver/Src/stm32f4xx_hal_tim.c:4534:HAL_TIM_DMABurst_MultiWriteStart	40	static
Drivers/STM32F4xx_HAL_Driver/Src/stm32f4xx_hal_tim.c:6739:TIM_DMATriggerCplt	0	static
Drivers/STM32F4xx_HAL_Driver/Src/stm32f4xx_hal_tim.c:6760:TIM_DMATriggerHalfCplt	0	static
Drivers/STM32F4xx_HAL_Driver/Src/stm32f4xx_hal_tim.c:4718:HAL_TIM_DMABurst_WriteStop	16	static
Drivers/STM32F4xx_HAL_Driver/Src/stm32f4xx_hal_tim.c:4819:HAL_TIM_DMABurst_ReadStart	16	static
Drivers/STM32F4xx_HAL_Driver/Src/stm32f4xx_hal_tim.c:4870:HAL_TIM_DMABurst_MultiReadStart	40	static
Drivers/STM32F4xx_HAL_Driver/Src/stm32f4xx_hal_tim.c:5054:HAL_TIM_DMABurst_ReadStop	16	static
Drivers/STM32F4xx_HAL_Driver/Src/stm32f4xx_hal_tim.c:5137:HAL_TIM_GenerateEvent	0	static
Drivers/STM32F4xx_HAL_Driver/Src/stm32f4xx_hal_tim.c:5174:HAL_TIM_ConfigOCrefClear	16	static
Drivers/STM32F4xx_HAL_Driver/Src/stm32f4xx_hal_tim.c:7545:TIM_ETR_SetConfig	0	static
Drivers/STM32F4xx_HAL_Driver/Src/stm32f4xx_hal_tim.c:5304:HAL_TIM_ConfigClockSource	16	static
Drivers/STM32F4xx_HAL_Driver/Src/stm32f4xx_hal_tim.c:5458:HAL_TIM_ConfigTI1Input	0	static
Drivers/STM32F4xx_HAL_Driver/Src/stm32f4xx_hal_tim.c:5490:HAL_TIM_SlaveConfigSynchro	16	static
Drivers/STM32F4xx_HAL_Driver/Src/stm32f4xx_hal_tim.c:7117:TIM_SlaveTimer_SetConfig	24	static
Drivers/STM32F4xx_HAL_Driver/Src/stm32f4xx_hal_tim.c:5530:HAL_TIM_SlaveConfigSynchro_IT	16	static
Drivers/STM32F4xx_HAL_Driver/Src/stm32f4xx_hal_tim.c:5573:HAL_TIM_ReadCapturedValue	0	static
Drivers/STM32F4xx_HAL_Driver/Src/stm32f4xx_hal_tim.c:5672:HAL_TIM_PeriodElapsedHalfCpltCallback	0	static
Drivers/STM32F4xx_HAL_Driver/Src/stm32f4xx_hal_tim.c:5717:HAL_TIM_IC_CaptureHalfCpltCallback	0	static
Drivers/STM32F4xx_HAL_Driver/Src/stm32f4xx_hal_tim.c:5747:HAL_TIM_PWM_PulseFinishedHalfCpltCallback	0	static
Drivers/STM32F4xx_HAL_Driver/Src/stm32f4xx_hal_tim.c:5777:HAL_TIM_TriggerHalfCpltCallback	0	static
Drivers/STM32F4xx_HAL_Driver/Src/stm32f4xx_hal_tim.c:5792:HAL_TIM_ErrorCallback	0	static
Drivers/STM32F4xx_HAL_Driver/Src/stm32f4xx_hal_tim.c:6339:HAL_TIM_Base_GetState	0	static
Drivers/STM32F4xx_HAL_Driver/Src/stm32f4xx_hal_tim.c:6349:HAL_TIM_OC_GetState	0	static
Drivers/STM32F4xx_HAL_Driver/Src/stm32f4xx_hal_tim.c:6359:HAL_TIM_PWM_GetState	0	static
Drivers/STM32F4xx_HAL_Driver/Src/stm32f4xx_hal_tim.c:6369:HAL_TIM_IC_GetState	0	static
Drivers/STM32F4xx_HAL_Driver/Src/stm32f4xx_hal_tim.c:6379:HAL_TIM_OnePulse_GetState	0	static
Drivers/STM32F4xx_HAL_Driver/Src/stm32f4xx_hal_tim.c:6389:HAL_TIM_Encoder_GetState	0	static
Drivers/STM32F4xx_HAL_Driver/Src/stm32f4xx_hal_tim.c:6399:HAL_TIM_GetActiveChannel	0	static
Drivers/STM32F4xx_HAL_Driver/Src/stm32f4xx_hal_tim.c:6417:HAL_TIM_GetChannelState	0	static
Drivers/STM32F4xx_HAL_Driver/Src/stm32f4xx_hal_tim.c:6434:HAL_TIM_DMABurstState	0	static
