Drivers/STM32F4xx_HAL_Driver/Src/stm32f4xx_hal_pwr.c:90:HAL_PWR_DeInit	0	static
Drivers/STM32F4xx_HAL_Driver/Src/stm32f4xx_hal_pwr.c:108:HAL_PWR_EnableBkUpAccess	4	static
Drivers/STM32F4xx_HAL_Driver/Src/stm32f4xx_hal_pwr.c:128:HAL_PWR_DisableBkUpAccess	4	static
Drivers/STM32F4xx_HAL_Driver/Src/stm32f4xx_hal_pwr.c:275:HAL_PWR_ConfigPVD	0	static
Drivers/STM32F4xx_HAL_Driver/Src/stm32f4xx_hal_pwr.c:318:HAL_PWR_EnablePVD	0	static
Drivers/STM32F4xx_HAL_Driver/Src/stm32f4xx_hal_pwr.c:327:HAL_PWR_DisablePVD	0	static
Drivers/STM32F4xx_HAL_Driver/Src/stm32f4xx_hal_pwr.c:341:HAL_PWR_EnableWakeUpPin	0	static
Drivers/STM32F4xx_HAL_Driver/Src/stm32f4xx_hal_pwr.c:359:HAL_PWR_DisableWakeUpPin	0	static
Drivers/STM32F4xx_HAL_Driver/Src/stm32f4xx_hal_pwr.c:391:HAL_PWR_EnterSLEEPMode	0	static
Drivers/STM32F4xx_HAL_Driver/Src/stm32f4xx_hal_pwr.c:445:HAL_PWR_EnterSTOPMode	0	static
Drivers/STM32F4xx_HAL_Driver/Src/stm32f4xx_hal_pwr.c:488:HAL_PWR_EnterSTANDBYMode	0	static
Drivers/STM32F4xx_HAL_Driver/Src/stm32f4xx_hal_pwr.c:509:HAL_PWR_PVD_IRQHandler	8	static
Drivers/STM32F4xx_HAL_Driver/Src/stm32f4xx_hal_pwr.c:526:HAL_PWR_PVDCallback	0	static
Drivers/STM32F4xx_HAL_Driver/Src/stm32f4xx_hal_pwr.c:541:HAL_PWR_EnableSleepOnExit	0	static
Drivers/STM32F4xx_HAL_Driver/Src/stm32f4xx_hal_pwr.c:553:HAL_PWR_DisableSleepOnExit	0	static
Drivers/STM32F4xx_HAL_Driver/Src/stm32f4xx_hal_pwr.c:565:HAL_PWR_EnableSEVOnPend	0	static
Drivers/STM32F4xx_HAL_Driver/Src/stm32f4xx_hal_pwr.c:577:HAL_PWR_DisableSEVOnPend	0	static
