Drivers/STM32F4xx_HAL_Driver/Src/stm32f4xx_hal.c:157:HAL_Init	8	static
Drivers/STM32F4xx_HAL_Driver/Src/stm32f4xx_hal.c:253:HAL_InitTick	16	static
Drivers/STM32F4xx_HAL_Driver/Src/stm32f4xx_hal.c:219:HAL_MspInit	0	static
Drivers/STM32F4xx_HAL_Driver/Src/stm32f4xx_hal.c:190:HAL_DeInit	8	static
Drivers/STM32F4xx_HAL_Driver/Src/stm32f4xx_hal.c:230:HAL_MspDeInit	0	static
Drivers/STM32F4xx_HAL_Driver/Src/stm32f4xx_hal.c:312:HAL_IncTick	0	static
Drivers/STM32F4xx_HAL_Driver/Src/stm32f4xx_hal.c:323:HAL_GetTick	0	static
Drivers/STM32F4xx_HAL_Driver/Src/stm32f4xx_hal.c:332:HAL_GetTickPrio	0	static
Drivers/STM32F4xx_HAL_Driver/Src/stm32f4xx_hal.c:341:HAL_SetTickFreq	16	static
Drivers/STM32F4xx_HAL_Driver/Src/stm32f4xx_hal.c:374:HAL_GetTickFreq	0	static
Drivers/STM32F4xx_HAL_Driver/Src/stm32f4xx_hal.c:390:HAL_Delay	16	static
Drivers/STM32F4xx_HAL_Driver/Src/stm32f4xx_hal.c:416:HAL_SuspendTick	0	static
Drivers/STM32F4xx_HAL_Driver/Src/stm32f4xx_hal.c:432:HAL_ResumeTick	0	static
Drivers/STM32F4xx_HAL_Driver/Src/stm32f4xx_hal.c:442:HAL_GetHalVersion	0	static
Drivers/STM32F4xx_HAL_Driver/Src/stm32f4xx_hal.c:451:HAL_GetREVID	0	static
Drivers/STM32F4xx_HAL_Driver/Src/stm32f4xx_hal.c:460:HAL_GetDEVID	0	static
Drivers/STM32F4xx_HAL_Driver/Src/stm32f4xx_hal.c:469:HAL_DBGMCU_EnableDBGSleepMode	0	static
Drivers/STM32F4xx_HAL_Driver/Src/stm32f4xx_hal.c:478:HAL_DBGMCU_DisableDBGSleepMode	0	static
Drivers/STM32F4xx_HAL_Driver/Src/stm32f4xx_hal.c:487:HAL_DBGMCU_EnableDBGStopMode	0	static
Drivers/STM32F4xx_HAL_Driver/Src/stm32f4xx_hal.c:496:HAL_DBGMCU_DisableDBGStopMode	0	static
Drivers/STM32F4xx_HAL_Driver/Src/stm32f4xx_hal.c:505:HAL_DBGMCU_EnableDBGStandbyMode	0	static
Drivers/STM32F4xx_HAL_Driver/Src/stm32f4xx_hal.c:514:HAL_DBGMCU_DisableDBGStandbyMode	0	static
Drivers/STM32F4xx_HAL_Driver/Src/stm32f4xx_hal.c:525:HAL_EnableCompensationCell	0	static
Drivers/STM32F4xx_HAL_Driver/Src/stm32f4xx_hal.c:536:HAL_DisableCompensationCell	0	static
Drivers/STM32F4xx_HAL_Driver/Src/stm32f4xx_hal.c:545:HAL_GetUIDw0	0	static
Drivers/STM32F4xx_HAL_Driver/Src/stm32f4xx_hal.c:554:HAL_GetUIDw1	0	static
Drivers/STM32F4xx_HAL_Driver/Src/stm32f4xx_hal.c:563:HAL_GetUIDw2	0	static
