Drivers/STM32F4xx_HAL_Driver/Src/stm32f4xx_hal_flash_ex.c:160:HAL_FLASHEx_Erase	32	static
Drivers/STM32F4xx_HAL_Driver/Src/stm32f4xx_hal_flash_ex.c:977:FLASH_Erase_Sector	8	static
Drivers/STM32F4xx_HAL_Driver/Src/stm32f4xx_hal_flash_ex.c:1306:FLASH_FlushCaches	0	static
Drivers/STM32F4xx_HAL_Driver/Src/stm32f4xx_hal_flash_ex.c:231:HAL_FLASHEx_Erase_IT	8	static
Drivers/STM32F4xx_HAL_Driver/Src/stm32f4xx_hal_flash_ex.c:281:HAL_FLASHEx_OBProgram	24	static
Drivers/STM32F4xx_HAL_Driver/Src/stm32f4xx_hal_flash_ex.c:340:HAL_FLASHEx_OBGetConfig	0	static
