Drivers/STM32F4xx_HAL_Driver/Src/stm32f4xx_hal_uart.c:357:HAL_UART_Init	8	static
Drivers/STM32F4xx_HAL_Driver/Src/stm32f4xx_hal_uart.c:715:HAL_UART_MspInit	0	static
Drivers/STM32F4xx_HAL_Driver/Src/stm32f4xx_hal_uart.c:3731:UART_SetConfig	24	static
Drivers/STM32F4xx_HAL_Driver/Src/stm32f4xx_hal_uart.c:435:HAL_HalfDuplex_Init	8	static
Drivers/STM32F4xx_HAL_Driver/Src/stm32f4xx_hal_uart.c:509:HAL_LIN_Init	16	static
Drivers/STM32F4xx_HAL_Driver/Src/stm32f4xx_hal_uart.c:591:HAL_MultiProcessor_Init	16	static
Drivers/STM32F4xx_HAL_Driver/Src/stm32f4xx_hal_uart.c:669:HAL_UART_DeInit	8	static
Drivers/STM32F4xx_HAL_Driver/Src/stm32f4xx_hal_uart.c:730:HAL_UART_MspDeInit	0	static
Drivers/STM32F4xx_HAL_Driver/Src/stm32f4xx_hal_uart.c:1135:HAL_UART_Transmit	40	static
Drivers/STM32F4xx_HAL_Driver/Src/stm32f4xx_hal_uart.c:1221:HAL_UART_Receive	40	static
Drivers/STM32F4xx_HAL_Driver/Src/stm32f4xx_hal_uart.c:1308:HAL_UART_Transmit_IT	8	static
Drivers/STM32F4xx_HAL_Driver/Src/stm32f4xx_hal_uart.c:1347:HAL_UART_Receive_IT	0	static
Drivers/STM32F4xx_HAL_Driver/Src/stm32f4xx_hal_uart.c:3263:UART_Start_Receive_IT	0	static
Drivers/STM32F4xx_HAL_Driver/Src/stm32f4xx_hal_uart.c:1379:HAL_UART_Transmit_DMA	24	static
Drivers/STM32F4xx_HAL_Driver/Src/stm32f4xx_hal_uart.c:3015:UART_DMATransmitCplt	0	static
Drivers/STM32F4xx_HAL_Driver/Src/stm32f4xx_hal_uart.c:3050:UART_DMATxHalfCplt	0	static
Drivers/STM32F4xx_HAL_Driver/Src/stm32f4xx_hal_uart.c:3170:UART_DMAError	8	static
Drivers/STM32F4xx_HAL_Driver/Src/stm32f4xx_hal_uart.c:1449:HAL_UART_Receive_DMA	0	static
Drivers/STM32F4xx_HAL_Driver/Src/stm32f4xx_hal_uart.c:3298:UART_Start_Receive_DMA	32	static
Drivers/STM32F4xx_HAL_Driver/Src/stm32f4xx_hal_uart.c:1476:HAL_UART_DMAPause	0	static
Drivers/STM32F4xx_HAL_Driver/Src/stm32f4xx_hal_uart.c:1507:HAL_UART_DMAResume	4	static
Drivers/STM32F4xx_HAL_Driver/Src/stm32f4xx_hal_uart.c:1541:HAL_UART_DMAStop	16	static
Drivers/STM32F4xx_HAL_Driver/Src/stm32f4xx_hal_uart.c:1596:HAL_UARTEx_ReceiveToIdle	40	static
Drivers/STM32F4xx_HAL_Driver/Src/stm32f4xx_hal_uart.c:1721:HAL_UARTEx_ReceiveToIdle_IT	12	static
Drivers/STM32F4xx_HAL_Driver/Src/stm32f4xx_hal_uart.c:1781:HAL_UARTEx_ReceiveToIdle_DMA	32	static
Drivers/STM32F4xx_HAL_Driver/Src/stm32f4xx_hal_uart.c:1846:HAL_UARTEx_GetRxEventType	0	static
Drivers/STM32F4xx_HAL_Driver/Src/stm32f4xx_hal_uart.c:1864:HAL_UART_Abort	8	static
Drivers/STM32F4xx_HAL_Driver/Src/stm32f4xx_hal_uart.c:1953:HAL_UART_AbortTransmit	8	static
Drivers/STM32F4xx_HAL_Driver/Src/stm32f4xx_hal_uart.c:2004:HAL_UART_AbortReceive	8	static
Drivers/STM32F4xx_HAL_Driver/Src/stm32f4xx_hal_uart.c:2065:HAL_UART_Abort_IT	16	static
Drivers/STM32F4xx_HAL_Driver/Src/stm32f4xx_hal_uart.c:3417:UART_DMATxAbortCallback	0	static
Drivers/STM32F4xx_HAL_Driver/Src/stm32f4xx_hal_uart.c:3463:UART_DMARxAbortCallback	0	static
Drivers/STM32F4xx_HAL_Driver/Src/stm32f4xx_hal_uart.c:2693:HAL_UART_AbortCpltCallback	0	static
Drivers/STM32F4xx_HAL_Driver/Src/stm32f4xx_hal_uart.c:2200:HAL_UART_AbortTransmit_IT	8	static
Drivers/STM32F4xx_HAL_Driver/Src/stm32f4xx_hal_uart.c:3509:UART_DMATxOnlyAbortCallback	0	static
Drivers/STM32F4xx_HAL_Driver/Src/stm32f4xx_hal_uart.c:2708:HAL_UART_AbortTransmitCpltCallback	0	static
Drivers/STM32F4xx_HAL_Driver/Src/stm32f4xx_hal_uart.c:2277:HAL_UART_AbortReceive_IT	8	static
Drivers/STM32F4xx_HAL_Driver/Src/stm32f4xx_hal_uart.c:3537:UART_DMARxOnlyAbortCallback	0	static
Drivers/STM32F4xx_HAL_Driver/Src/stm32f4xx_hal_uart.c:2723:HAL_UART_AbortReceiveCpltCallback	0	static
Drivers/STM32F4xx_HAL_Driver/Src/stm32f4xx_hal_uart.c:2355:HAL_UART_IRQHandler	32	static
Drivers/STM32F4xx_HAL_Driver/Src/stm32f4xx_hal_uart.c:3628:UART_Receive_IT	4	static
Drivers/STM32F4xx_HAL_Driver/Src/stm32f4xx_hal_uart.c:3394:UART_DMAAbortOnError	0	static
Drivers/STM32F4xx_HAL_Driver/Src/stm32f4xx_hal_uart.c:2679:HAL_UART_ErrorCallback	0	static
Drivers/STM32F4xx_HAL_Driver/Src/stm32f4xx_hal_uart.c:2740:HAL_UARTEx_RxEventCallback	0	static
Drivers/STM32F4xx_HAL_Driver/Src/stm32f4xx_hal_uart.c:2619:HAL_UART_TxCpltCallback	0	static
Drivers/STM32F4xx_HAL_Driver/Src/stm32f4xx_hal_uart.c:2634:HAL_UART_TxHalfCpltCallback	0	static
Drivers/STM32F4xx_HAL_Driver/Src/stm32f4xx_hal_uart.c:2649:HAL_UART_RxCpltCallback	0	static
Drivers/STM32F4xx_HAL_Driver/Src/stm32f4xx_hal_uart.c:2664:HAL_UART_RxHalfCpltCallback	0	static
Drivers/STM32F4xx_HAL_Driver/Src/stm32f4xx_hal_uart.c:2780:HAL_LIN_SendBreak	0	static
Drivers/STM32F4xx_HAL_Driver/Src/stm32f4xx_hal_uart.c:2807:HAL_MultiProcessor_EnterMuteMode	0	static
Drivers/STM32F4xx_HAL_Driver/Src/stm32f4xx_hal_uart.c:2835:HAL_MultiProcessor_ExitMuteMode	0	static
Drivers/STM32F4xx_HAL_Driver/Src/stm32f4xx_hal_uart.c:2863:HAL_HalfDuplex_EnableTransmitter	0	static
Drivers/STM32F4xx_HAL_Driver/Src/stm32f4xx_hal_uart.c:2898:HAL_HalfDuplex_EnableReceiver	0	static
Drivers/STM32F4xx_HAL_Driver/Src/stm32f4xx_hal_uart.c:2955:HAL_UART_GetState	0	static
Drivers/STM32F4xx_HAL_Driver/Src/stm32f4xx_hal_uart.c:2970:HAL_UART_GetError	0	static
Drivers/STM32F4xx_HAL_Driver/Src/stm32f4xx_hal_uart.c:3069:UART_DMAReceiveCplt	0	static
Drivers/STM32F4xx_HAL_Driver/Src/stm32f4xx_hal_uart.c:3131:UART_DMARxHalfCplt	0	static
