Drivers/STM32F4xx_HAL_Driver/Src/stm32f4xx_hal_cortex.c:141:HAL_NVIC_SetPriorityGrouping	0	static
Drivers/STM32F4xx_HAL_Driver/Src/stm32f4xx_hal_cortex.c:163:HAL_NVIC_SetPriority	16	static
Drivers/STM32F4xx_HAL_Driver/Src/stm32f4xx_hal_cortex.c:185:HAL_NVIC_EnableIRQ	0	static
Drivers/STM32F4xx_HAL_Driver/Src/stm32f4xx_hal_cortex.c:201:HAL_NVIC_DisableIRQ	0	static
Drivers/STM32F4xx_HAL_Driver/Src/stm32f4xx_hal_cortex.c:214:HAL_NVIC_SystemReset	0	static
cmake/stm32cubemx/../../Drivers/CMSIS/Include/core_cm4.h:1938:__NVIC_SystemReset	0	static
Drivers/STM32F4xx_HAL_Driver/Src/stm32f4xx_hal_cortex.c:227:HAL_SYSTICK_Config	0	static
Drivers/STM32F4xx_HAL_Driver/Src/stm32f4xx_hal_cortex.c:256:HAL_MPU_Disable	0	static
Drivers/STM32F4xx_HAL_Driver/Src/stm32f4xx_hal_cortex.c:279:HAL_MPU_Enable	0	static
Drivers/STM32F4xx_HAL_Driver/Src/stm32f4xx_hal_cortex.c:296:HAL_MPU_EnableRegion	0	static
Drivers/STM32F4xx_HAL_Driver/Src/stm32f4xx_hal_cortex.c:312:HAL_MPU_DisableRegion	0	static
Drivers/STM32F4xx_HAL_Driver/Src/stm32f4xx_hal_cortex.c:330:HAL_MPU_ConfigRegion	8	static
Drivers/STM32F4xx_HAL_Driver/Src/stm32f4xx_hal_cortex.c:368:HAL_CORTEX_ClearEvent	0	static
Drivers/STM32F4xx_HAL_Driver/Src/stm32f4xx_hal_cortex.c:378:HAL_NVIC_GetPriorityGrouping	0	static
Drivers/STM32F4xx_HAL_Driver/Src/stm32f4xx_hal_cortex.c:405:HAL_NVIC_GetPriority	16	static
Drivers/STM32F4xx_HAL_Driver/Src/stm32f4xx_hal_cortex.c:420:HAL_NVIC_SetPendingIRQ	0	static
Drivers/STM32F4xx_HAL_Driver/Src/stm32f4xx_hal_cortex.c:438:HAL_NVIC_GetPendingIRQ	0	static
Drivers/STM32F4xx_HAL_Driver/Src/stm32f4xx_hal_cortex.c:454:HAL_NVIC_ClearPendingIRQ	0	static
Drivers/STM32F4xx_HAL_Driver/Src/stm32f4xx_hal_cortex.c:471:HAL_NVIC_GetActive	0	static
Drivers/STM32F4xx_HAL_Driver/Src/stm32f4xx_hal_cortex.c:488:HAL_SYSTICK_CLKSourceConfig	0	static
Drivers/STM32F4xx_HAL_Driver/Src/stm32f4xx_hal_cortex.c:506:HAL_SYSTICK_IRQHandler	0	static
Drivers/STM32F4xx_HAL_Driver/Src/stm32f4xx_hal_cortex.c:515:HAL_SYSTICK_Callback	0	static
