Drivers/STM32F4xx_HAL_Driver/Src/stm32f4xx_hal_tim_ex.c:138:HAL_TIMEx_HallSensor_Init	48	static
Drivers/STM32F4xx_HAL_Driver/Src/stm32f4xx_hal_tim_ex.c:285:HAL_TIMEx_HallSensor_MspInit	0	static
Drivers/STM32F4xx_HAL_Driver/Src/stm32f4xx_hal_tim_ex.c:240:HAL_TIMEx_HallSensor_DeInit	8	static
Drivers/STM32F4xx_HAL_Driver/Src/stm32f4xx_hal_tim_ex.c:300:HAL_TIMEx_HallSensor_MspDeInit	0	static
Drivers/STM32F4xx_HAL_Driver/Src/stm32f4xx_hal_tim_ex.c:315:HAL_TIMEx_HallSensor_Start	24	static
Drivers/STM32F4xx_HAL_Driver/Src/stm32f4xx_hal_tim_ex.c:369:HAL_TIMEx_HallSensor_Stop	8	static
Drivers/STM32F4xx_HAL_Driver/Src/stm32f4xx_hal_tim_ex.c:397:HAL_TIMEx_HallSensor_Start_IT	24	static
Drivers/STM32F4xx_HAL_Driver/Src/stm32f4xx_hal_tim_ex.c:454:HAL_TIMEx_HallSensor_Stop_IT	8	static
Drivers/STM32F4xx_HAL_Driver/Src/stm32f4xx_hal_tim_ex.c:487:HAL_TIMEx_HallSensor_Start_DMA	40	static
Drivers/STM32F4xx_HAL_Driver/Src/stm32f4xx_hal_tim_ex.c:563:HAL_TIMEx_HallSensor_Stop_DMA	8	static
Drivers/STM32F4xx_HAL_Driver/Src/stm32f4xx_hal_tim_ex.c:625:HAL_TIMEx_OCN_Start	8	static
Drivers/STM32F4xx_HAL_Driver/Src/stm32f4xx_hal_tim_ex.c:676:HAL_TIMEx_OCN_Stop	8	static
Drivers/STM32F4xx_HAL_Driver/Src/stm32f4xx_hal_tim_ex.c:708:HAL_TIMEx_OCN_Start_IT	8	static
Drivers/STM32F4xx_HAL_Driver/Src/stm32f4xx_hal_tim_ex.c:795:HAL_TIMEx_OCN_Stop_IT	16	static
Drivers/STM32F4xx_HAL_Driver/Src/stm32f4xx_hal_tim_ex.c:870:HAL_TIMEx_OCN_Start_DMA	32	static
Drivers/STM32F4xx_HAL_Driver/Src/stm32f4xx_hal_tim_ex.c:2292:TIM_DMADelayPulseNCplt	8	static
Drivers/STM32F4xx_HAL_Driver/Src/stm32f4xx_hal_tim_ex.c:2342:TIM_DMAErrorCCxN	8	static
Drivers/STM32F4xx_HAL_Driver/Src/stm32f4xx_hal_tim_ex.c:1008:HAL_TIMEx_OCN_Stop_DMA	16	static
Drivers/STM32F4xx_HAL_Driver/Src/stm32f4xx_hal_tim_ex.c:1098:HAL_TIMEx_PWMN_Start	8	static
Drivers/STM32F4xx_HAL_Driver/Src/stm32f4xx_hal_tim_ex.c:1148:HAL_TIMEx_PWMN_Stop	8	static
Drivers/STM32F4xx_HAL_Driver/Src/stm32f4xx_hal_tim_ex.c:1180:HAL_TIMEx_PWMN_Start_IT	8	static
Drivers/STM32F4xx_HAL_Driver/Src/stm32f4xx_hal_tim_ex.c:1266:HAL_TIMEx_PWMN_Stop_IT	16	static
Drivers/STM32F4xx_HAL_Driver/Src/stm32f4xx_hal_tim_ex.c:1341:HAL_TIMEx_PWMN_Start_DMA	32	static
Drivers/STM32F4xx_HAL_Driver/Src/stm32f4xx_hal_tim_ex.c:1479:HAL_TIMEx_PWMN_Stop_DMA	16	static
Drivers/STM32F4xx_HAL_Driver/Src/stm32f4xx_hal_tim_ex.c:1570:HAL_TIMEx_OnePulseN_Start	32	static
Drivers/STM32F4xx_HAL_Driver/Src/stm32f4xx_hal_tim_ex.c:1619:HAL_TIMEx_OnePulseN_Stop	16	static
Drivers/STM32F4xx_HAL_Driver/Src/stm32f4xx_hal_tim_ex.c:1658:HAL_TIMEx_OnePulseN_Start_IT	32	static
Drivers/STM32F4xx_HAL_Driver/Src/stm32f4xx_hal_tim_ex.c:1713:HAL_TIMEx_OnePulseN_Stop_IT	16	static
Drivers/STM32F4xx_HAL_Driver/Src/stm32f4xx_hal_tim_ex.c:1792:HAL_TIMEx_ConfigCommutEvent	0	static
Drivers/STM32F4xx_HAL_Driver/Src/stm32f4xx_hal_tim_ex.c:1848:HAL_TIMEx_ConfigCommutEvent_IT	0	static
Drivers/STM32F4xx_HAL_Driver/Src/stm32f4xx_hal_tim_ex.c:1905:HAL_TIMEx_ConfigCommutEvent_DMA	8	static
Drivers/STM32F4xx_HAL_Driver/Src/stm32f4xx_hal_tim_ex.c:2253:TIMEx_DMACommutationCplt	0	static
Drivers/STM32F4xx_HAL_Driver/Src/stm32f4xx_hal_tim_ex.c:2272:TIMEx_DMACommutationHalfCplt	0	static
Drivers/STM32F4xx_HAL_Driver/Src/stm32f4xx_hal_tim_ex.c:1954:HAL_TIMEx_MasterConfigSynchronization	8	static
Drivers/STM32F4xx_HAL_Driver/Src/stm32f4xx_hal_tim_ex.c:2015:HAL_TIMEx_ConfigBreakDeadTime	20	static
Drivers/STM32F4xx_HAL_Driver/Src/stm32f4xx_hal_tim_ex.c:2091:HAL_TIMEx_RemapConfig	0	static
Drivers/STM32F4xx_HAL_Driver/Src/stm32f4xx_hal_tim_ex.c:2147:HAL_TIMEx_CommutCallback	0	static
Drivers/STM32F4xx_HAL_Driver/Src/stm32f4xx_hal_tim_ex.c:2161:HAL_TIMEx_CommutHalfCpltCallback	0	static
Drivers/STM32F4xx_HAL_Driver/Src/stm32f4xx_hal_tim_ex.c:2176:HAL_TIMEx_BreakCallback	0	static
Drivers/STM32F4xx_HAL_Driver/Src/stm32f4xx_hal_tim_ex.c:2209:HAL_TIMEx_HallSensor_GetState	0	static
Drivers/STM32F4xx_HAL_Driver/Src/stm32f4xx_hal_tim_ex.c:2224:HAL_TIMEx_GetChannelNState	0	static
