Core/Src/syscalls.c:44:initialise_monitor_handles	0	static
Core/Src/syscalls.c:48:_getpid	0	static
Core/Src/syscalls.c:53:_kill	8	static
Core/Src/syscalls.c:61:_exit	0	static
Core/Src/syscalls.c:67:_read	24	static
Core/Src/syscalls.c:80:_write	24	static
Core/Src/syscalls.c:92:_close	0	static
Core/Src/syscalls.c:99:_fstat	0	static
Core/Src/syscalls.c:106:_isatty	0	static
Core/Src/syscalls.c:112:_lseek	0	static
Core/Src/syscalls.c:120:_open	0	static
Core/Src/syscalls.c:128:_wait	8	static
Core/Src/syscalls.c:135:_unlink	8	static
Core/Src/syscalls.c:142:_times	0	static
Core/Src/syscalls.c:148:_stat	0	static
Core/Src/syscalls.c:155:_link	8	static
Core/Src/syscalls.c:163:_fork	8	static
Core/Src/syscalls.c:169:_execve	8	static
Core/Src/syscalls.c:188:starm_putc	8	static
Core/Src/syscalls.c:201:starm_getc	8	static
